// Jest Snapshot v1, https://goo.gl/fbAQLP

exports[`<Footer/> Renders correctly 1`] = `
<DocumentFragment>
  <footer>
    <hr />
    Developed by
    <a
      href="https://arunabharjun.com"
      target="_blank"
    >
       Arunabh Arjun
    </a>
  </footer>
</DocumentFragment>
`;
